{"counts": {"SAT": 0, "UNSAT": 0, "multisets_after_density": 0, "multisets_after_gcd": 1, "multisets_after_normal_form": 0, "nodes_visited": 4, "sat_calls": 0}, "gcd_upper_bound": 2, "k": 3, "status": "COMPLETE", "survivor_sha256": "4f53cda18c2baa0c0354bb5f9a3ecbe5ed12ab4d8e11ba873c2f11161202b945", "wall_seconds": 0.0}
{"candidate_count": 0, "distribution": {}, "k": 3, "seeded_decisions": 0, "selector_sat_calls": 0, "unique_decisions": 0, "unique_witnesses": 0, "wall_seconds": 0.0}
{"counts": {"SAT": 0, "UNSAT": 0, "multisets_after_density": 0, "multisets_after_gcd": 4, "multisets_after_normal_form": 0, "nodes_visited": 14, "sat_calls": 0}, "gcd_upper_bound": 3, "k": 4, "status": "COMPLETE", "survivor_sha256": "4f53cda18c2baa0c0354bb5f9a3ecbe5ed12ab4d8e11ba873c2f11161202b945", "wall_seconds": 0.0}
{"candidate_count": 0, "distribution": {}, "k": 4, "seeded_decisions": 0, "selector_sat_calls": 0, "unique_decisions": 0, "unique_witnesses": 0, "wall_seconds": 0.0}
{"counts": {"SAT": 0, "UNSAT": 0, "multisets_after_density": 0, "multisets_after_gcd": 19, "multisets_after_normal_form": 0, "nodes_visited": 41, "sat_calls": 0}, "gcd_upper_bound": 4, "k": 5, "status": "COMPLETE", "survivor_sha256": "4f53cda18c2baa0c0354bb5f9a3ecbe5ed12ab4d8e11ba873c2f11161202b945", "wall_seconds": 0.0}
{"candidate_count": 0, "distribution": {}, "k": 5, "seeded_decisions": 0, "selector_sat_calls": 0, "unique_decisions": 0, "unique_witnesses": 0, "wall_seconds": 0.0}
{"counts": {"SAT": 0, "UNSAT": 0, "multisets_after_density": 2, "multisets_after_gcd": 79, "multisets_after_normal_form": 0, "nodes_visited": 162, "sat_calls": 0}, "gcd_upper_bound": 5, "k": 6, "status": "COMPLETE", "survivor_sha256": "4f53cda18c2baa0c0354bb5f9a3ecbe5ed12ab4d8e11ba873c2f11161202b945", "wall_seconds": 0.0}
{"candidate_count": 0, "distribution": {}, "k": 6, "seeded_decisions": 0, "selector_sat_calls": 0, "unique_decisions": 0, "unique_witnesses": 0, "wall_seconds": 0.0}
{"counts": {"SAT": 0, "UNSAT": 2, "multisets_after_density": 7, "multisets_after_gcd": 294, "multisets_after_normal_form": 2, "nodes_visited": 370, "sat_calls": 2}, "gcd_upper_bound": 6, "k": 7, "status": "COMPLETE", "survivor_sha256": "3abe7c0ac8fd366cb3dda4fcf5bc9fd34f0971e17f006efeac9fef07cde6d9b8", "wall_seconds": 0.001}
{"candidate_count": 2, "distribution": {"5": 2}, "k": 7, "seeded_decisions": 0, "selector_sat_calls": 51, "unique_decisions": 39, "unique_witnesses": 10, "wall_seconds": 0.001}
{"counts": {"SAT": 0, "UNSAT": 7, "multisets_after_density": 46, "multisets_after_gcd": 1668, "multisets_after_normal_form": 7, "nodes_visited": 1923, "sat_calls": 7}, "gcd_upper_bound": 7, "k": 8, "status": "COMPLETE", "survivor_sha256": "5c4a2965d6ff3ec8d86f93ee41af5d59f7fe6b179eab592b94bf4578de7d7af7", "wall_seconds": 0.002}
{"candidate_count": 7, "distribution": {"3": 2, "5": 5}, "k": 8, "seeded_decisions": 0, "selector_sat_calls": 188, "unique_decisions": 127, "unique_witnesses": 54, "wall_seconds": 0.005}
{"counts": {"SAT": 0, "UNSAT": 6, "multisets_after_density": 200, "multisets_after_gcd": 13477, "multisets_after_normal_form": 6, "nodes_visited": 9063, "sat_calls": 6}, "gcd_upper_bound": 8, "k": 9, "status": "COMPLETE", "survivor_sha256": "323bcd8b408b498f9a8ae0f8857550e33428853de747661d98225da2ebd73983", "wall_seconds": 0.006}
{"candidate_count": 6, "distribution": {"3": 1, "5": 5}, "k": 9, "seeded_decisions": 0, "selector_sat_calls": 234, "unique_decisions": 163, "unique_witnesses": 65, "wall_seconds": 0.007}
{"counts": {"SAT": 0, "UNSAT": 3, "multisets_after_density": 547, "multisets_after_gcd": 59092, "multisets_after_normal_form": 3, "nodes_visited": 37873, "sat_calls": 3}, "gcd_upper_bound": 9, "k": 10, "status": "COMPLETE", "survivor_sha256": "3fe017a95e00171a4d4b026ed31827cc81954c1825f27a3100181133d5604f2b", "wall_seconds": 0.02}
{"candidate_count": 3, "distribution": {"5": 3}, "k": 10, "seeded_decisions": 0, "selector_sat_calls": 259, "unique_decisions": 183, "unique_witnesses": 73, "wall_seconds": 0.01}
{"counts": {"SAT": 0, "UNSAT": 137, "multisets_after_density": 4463, "multisets_after_gcd": 294730, "multisets_after_normal_form": 137, "nodes_visited": 133746, "sat_calls": 137}, "gcd_upper_bound": 10, "k": 11, "status": "COMPLETE", "survivor_sha256": "5c4f09b753b2cad9051324a0154b1f4db87b845ca0fffecc789436f83717c0ae", "wall_seconds": 0.156}
{"candidate_count": 137, "distribution": {"3": 84, "5": 1, "6": 1, "7": 51}, "k": 11, "seeded_decisions": 0, "selector_sat_calls": 1953, "unique_decisions": 1362, "unique_witnesses": 454, "wall_seconds": 0.144}
{"counts": {"SAT": 0, "UNSAT": 522, "multisets_after_density": 26861, "multisets_after_gcd": 2952861, "multisets_after_normal_form": 522, "nodes_visited": 1156795, "sat_calls": 522}, "gcd_upper_bound": 11, "k": 12, "status": "COMPLETE", "survivor_sha256": "9497b4ed7122d59bdc2bc2b231d10ad97ed7cbaaf1eab7b60672a04423ad71f0", "wall_seconds": 0.822}
{"candidate_count": 522, "distribution": {"3": 380, "4": 10, "7": 132}, "k": 12, "seeded_decisions": 0, "selector_sat_calls": 6081, "unique_decisions": 4215, "unique_witnesses": 1344, "wall_seconds": 0.726}
