Exhaustive computation of D_B(n), straight from the definition.
n = T_{k-1} + r with 1 <= r <= k;  GH = value predicted by Griggs-Ho Conjecture 4.7.

  n   k   r       p(n)  D_B(n)     GH  agree     secs
  1   1   1          1       0      -      -      0.0
  2   2   1          2       0      -      -      0.0
  3   2   2          3       2      2    yes      0.0
  4   3   1          5       2      2    yes      0.0
  5   3   2          7       3      3    yes      0.0
  6   3   3         11       6      6    yes      0.0
  7   4   1         15       4      4    yes      0.0
  8   4   2         22       5      5    yes      0.0
  9   4   3         30       7      7    yes      0.0
 10   4   4         42      12     12    yes      0.0
 11   5   1         56       8      8    yes      0.0
 12   5   2         77       8      8    yes      0.0
 13   5   3        101       9      9    yes      0.0
 14   5   4        135      14     14    yes      0.0
 15   5   5        176      20     20    yes      0.0
 16   6   1        231      15     15    yes      0.0
 17   6   2        297      12     12    yes      0.0
 18   6   3        385      13     13    yes      0.0
 19   6   4        490      16     16    yes      0.0
 20   6   5        627      23     23    yes      0.0
 21   6   6        792      30     30    yes      0.0
 22   7   1       1002      24     24    yes      0.0
 23   7   2       1255      18     18    yes      0.0
 24   7   3       1575      18     18    yes      0.0
 25   7   4       1958      19     19    yes      0.0
 26   7   5       2436      26     26    yes      0.0
 27   7   6       3010      34     34    yes      0.0
 28   7   7       3718      42     42    yes      0.0
 29   8   1       4565      35     35    yes      0.0
 30   8   2       5604      28     28    yes      0.0
 31   8   3       6842      24     24    yes      0.0
 32   8   4       8349      25     25    yes      0.0
 33   8   5      10143      29     29    yes      0.0
 34   8   6      12310      38     38    yes      0.0
 35   8   7      14883      47     47    yes      0.0
 36   8   8      17977      56     56    yes      0.0
 37   9   1      21637      48     48    yes      0.0
 38   9   2      26015      40     40    yes      0.0
 39   9   3      31185      32     32    yes      0.1
 40   9   4      37338      32     32    yes      0.1
 41   9   5      44583      33     33    yes      0.1
 42   9   6      53174      42     42    yes      0.1
 43   9   7      63261      52     52    yes      0.1
 44   9   8      75175      62     62    yes      0.1
 45   9   9      89134      72     72    yes      0.2
 46  10   1     105558      63     63    yes      0.2
 47  10   2     124754      54     54    yes      0.2
 48  10   3     147273      45     45    yes      0.3
 49  10   4     173525      40     40    yes      0.3
 50  10   5     204226      41     41    yes      0.4
 51  10   6     239943      46     46    yes      0.5
 52  10   7     281589      57     57    yes      0.6
 53  10   8     329931      68     68    yes      0.7
 54  10   9     386155      79     79    yes      0.8
 55  10  10     451276      90     90    yes      1.0
 56  11   1     526823      80     80    yes      1.2
 57  11   2     614154      70     70    yes      1.4
 58  11   3     715220      60     60    yes      1.6
 59  11   4     831820      50     50    yes      1.9
 60  11   5     966467      50     50    yes      2.2
 61  11   6    1121505      51     51    yes      2.5
 62  11   7    1300156      62     62    yes      3.0
 63  11   8    1505499      74     74    yes      3.3
 64  11   9    1741630      86     86    yes      3.9
 65  11  10    2012558      98     98    yes      4.5
 66  11  11    2323520     110    110    yes      5.3
 67  12   1    2679689      99     99    yes      6.3
 68  12   2    3087735      88     88    yes      7.3
 69  12   3    3554345      77     77    yes      8.5
 70  12   4    4087968      66     66    yes      9.8
 71  12   5    4697205      60     60    yes     11.0
 72  12   6    5392783      61     61    yes     13.1
 73  12   7    6185689      67     67    yes     15.2
 74  12   8    7089500      80     80    yes     17.0
 75  12   9    8118264      93     93    yes     19.5
 76  12  10    9289091     106    106    yes     22.8
 77  12  11   10619863     119    119    yes     27.1
 78  12  12   12132164     132    132    yes     30.7
 79  13   1   13848650     120    120    yes     35.4
 80  13   2   15796476     108    108    yes     40.2

[exhaustive part: 300.6s wall clock, n = 1..80]
[cross-check against the naive orbit-by-orbit computation, n <= 28: all equal, 0.2s]

Comparison with Griggs-Ho Conjecture 4.7:
  no disagreement: D_B(n) equals the Conjecture 4.7 value for every n with 3 <= n <= 80.

Table of D_B(T_{k-1}+r) by rows k, columns r = 1..k:
  k= 1:    0
  k= 2:    0    2
  k= 3:    2    3    6
  k= 4:    4    5    7   12
  k= 5:    8    8    9   14   20
  k= 6:   15   12   13   16   23   30
  k= 7:   24   18   18   19   26   34   42
  k= 8:   35   28   24   25   29   38   47   56
  k= 9:   48   40   32   32   33   42   52   62   72
  k=10:   63   54   45   40   41   46   57   68   79   90
  k=11:   80   70   60   50   50   51   62   74   86   98  110
  k=12:   99   88   77   66   60   61   67   80   93  106  119  132
  k=13:  120  108    .    .    .    .    .    .    .    .    .    .    .

[total 300.8s]
